// Jest Snapshot v1, https://goo.gl/fbAQLP

exports[`Day renders 1`] = `
<styled.article>
  <styled.div />
  <styled.div />
  <styled.div />
</styled.article>
`;
