// Jest Snapshot v1, https://goo.gl/fbAQLP

exports[`components/H1 renders 1`] = `
<h1
  className="h1"
>
  <span />
</h1>
`;
