// Jest Snapshot v1, https://goo.gl/fbAQLP

exports[`components/Layout/Main renders 1`] = `
<main
  className="main"
>
  <div
    className="main__inner"
  />
</main>
`;
