// Jest Snapshot v1, https://goo.gl/fbAQLP

exports[`views/Schedule renders 1`] = `
<i
  className="icon fa-undefined fas"
/>
`;
