// Jest Snapshot v1, https://goo.gl/fbAQLP

exports[`components/TextLink renders 1`] = `
<a
  className="text-link"
/>
`;
