// Jest Snapshot v1, https://goo.gl/fbAQLP

exports[`App renders 1`] = `
<div>
  <BrowserRouter>
    <styled.div>
      <Apollo(Apollo(withRouter(Header))) />
      <Flash />
      <Main>
        <Route
          component={[Function]}
          exact={true}
          path="/"
        />
        <Route
          component={[Function]}
          exact={true}
          path="/register"
        />
        <Route
          component={[Function]}
          exact={true}
          path="/schedule"
        />
      </Main>
      <Footer />
    </styled.div>
  </BrowserRouter>
</div>
`;
