// Jest Snapshot v1, https://goo.gl/fbAQLP

exports[`components/H2 renders 1`] = `
<h2
  className="h2"
/>
`;
