// Jest Snapshot v1, https://goo.gl/fbAQLP

exports[`components/H3 renders 1`] = `
<h3
  className="h3"
/>
`;
